Reporting 2 scan chains (muxed_scan)
 
Chain 1: AutoChain_1 
  scan_in:      DFT_sdi_1 
  scan_out:     DFT_sdo_1   
  shift_enable: scan_en (active high) 
  clock_domain: wclk (edge: rise)
  length: 533
    bit 1 	fifom_fifo_reg[0][0]  <wclk (rise)>  
    bit 2 	fifom_fifo_reg[0][1]  <wclk (rise)>  
    bit 3 	fifom_fifo_reg[0][2]  <wclk (rise)>  
    bit 4 	fifom_fifo_reg[0][3]  <wclk (rise)>  
    bit 5 	fifom_fifo_reg[0][4]  <wclk (rise)>  
    bit 6 	fifom_fifo_reg[0][5]  <wclk (rise)>  
    bit 7 	fifom_fifo_reg[0][6]  <wclk (rise)>  
    bit 8 	fifom_fifo_reg[0][7]  <wclk (rise)>  
    bit 9 	fifom_fifo_reg[1][0]  <wclk (rise)>  
    bit 10 	fifom_fifo_reg[1][1]  <wclk (rise)>  
    bit 11 	fifom_fifo_reg[1][2]  <wclk (rise)>  
    bit 12 	fifom_fifo_reg[1][3]  <wclk (rise)>  
    bit 13 	fifom_fifo_reg[1][4]  <wclk (rise)>  
    bit 14 	fifom_fifo_reg[1][5]  <wclk (rise)>  
    bit 15 	fifom_fifo_reg[1][6]  <wclk (rise)>  
    bit 16 	fifom_fifo_reg[1][7]  <wclk (rise)>  
    bit 17 	fifom_fifo_reg[2][0]  <wclk (rise)>  
    bit 18 	fifom_fifo_reg[2][1]  <wclk (rise)>  
    bit 19 	fifom_fifo_reg[2][2]  <wclk (rise)>  
    bit 20 	fifom_fifo_reg[2][3]  <wclk (rise)>  
    bit 21 	fifom_fifo_reg[2][4]  <wclk (rise)>  
    bit 22 	fifom_fifo_reg[2][5]  <wclk (rise)>  
    bit 23 	fifom_fifo_reg[2][6]  <wclk (rise)>  
    bit 24 	fifom_fifo_reg[2][7]  <wclk (rise)>  
    bit 25 	fifom_fifo_reg[3][0]  <wclk (rise)>  
    bit 26 	fifom_fifo_reg[3][1]  <wclk (rise)>  
    bit 27 	fifom_fifo_reg[3][2]  <wclk (rise)>  
    bit 28 	fifom_fifo_reg[3][3]  <wclk (rise)>  
    bit 29 	fifom_fifo_reg[3][4]  <wclk (rise)>  
    bit 30 	fifom_fifo_reg[3][5]  <wclk (rise)>  
    bit 31 	fifom_fifo_reg[3][6]  <wclk (rise)>  
    bit 32 	fifom_fifo_reg[3][7]  <wclk (rise)>  
    bit 33 	fifom_fifo_reg[4][0]  <wclk (rise)>  
    bit 34 	fifom_fifo_reg[4][1]  <wclk (rise)>  
    bit 35 	fifom_fifo_reg[4][2]  <wclk (rise)>  
    bit 36 	fifom_fifo_reg[4][3]  <wclk (rise)>  
    bit 37 	fifom_fifo_reg[4][4]  <wclk (rise)>  
    bit 38 	fifom_fifo_reg[4][5]  <wclk (rise)>  
    bit 39 	fifom_fifo_reg[4][6]  <wclk (rise)>  
    bit 40 	fifom_fifo_reg[4][7]  <wclk (rise)>  
    bit 41 	fifom_fifo_reg[5][0]  <wclk (rise)>  
    bit 42 	fifom_fifo_reg[5][1]  <wclk (rise)>  
    bit 43 	fifom_fifo_reg[5][2]  <wclk (rise)>  
    bit 44 	fifom_fifo_reg[5][3]  <wclk (rise)>  
    bit 45 	fifom_fifo_reg[5][4]  <wclk (rise)>  
    bit 46 	fifom_fifo_reg[5][5]  <wclk (rise)>  
    bit 47 	fifom_fifo_reg[5][6]  <wclk (rise)>  
    bit 48 	fifom_fifo_reg[5][7]  <wclk (rise)>  
    bit 49 	fifom_fifo_reg[6][0]  <wclk (rise)>  
    bit 50 	fifom_fifo_reg[6][1]  <wclk (rise)>  
    bit 51 	fifom_fifo_reg[6][2]  <wclk (rise)>  
    bit 52 	fifom_fifo_reg[6][3]  <wclk (rise)>  
    bit 53 	fifom_fifo_reg[6][4]  <wclk (rise)>  
    bit 54 	fifom_fifo_reg[6][5]  <wclk (rise)>  
    bit 55 	fifom_fifo_reg[6][6]  <wclk (rise)>  
    bit 56 	fifom_fifo_reg[6][7]  <wclk (rise)>  
    bit 57 	fifom_fifo_reg[7][0]  <wclk (rise)>  
    bit 58 	fifom_fifo_reg[7][1]  <wclk (rise)>  
    bit 59 	fifom_fifo_reg[7][2]  <wclk (rise)>  
    bit 60 	fifom_fifo_reg[7][3]  <wclk (rise)>  
    bit 61 	fifom_fifo_reg[7][4]  <wclk (rise)>  
    bit 62 	fifom_fifo_reg[7][5]  <wclk (rise)>  
    bit 63 	fifom_fifo_reg[7][6]  <wclk (rise)>  
    bit 64 	fifom_fifo_reg[7][7]  <wclk (rise)>  
    bit 65 	fifom_fifo_reg[8][0]  <wclk (rise)>  
    bit 66 	fifom_fifo_reg[8][1]  <wclk (rise)>  
    bit 67 	fifom_fifo_reg[8][2]  <wclk (rise)>  
    bit 68 	fifom_fifo_reg[8][3]  <wclk (rise)>  
    bit 69 	fifom_fifo_reg[8][4]  <wclk (rise)>  
    bit 70 	fifom_fifo_reg[8][5]  <wclk (rise)>  
    bit 71 	fifom_fifo_reg[8][6]  <wclk (rise)>  
    bit 72 	fifom_fifo_reg[8][7]  <wclk (rise)>  
    bit 73 	fifom_fifo_reg[9][0]  <wclk (rise)>  
    bit 74 	fifom_fifo_reg[9][1]  <wclk (rise)>  
    bit 75 	fifom_fifo_reg[9][2]  <wclk (rise)>  
    bit 76 	fifom_fifo_reg[9][3]  <wclk (rise)>  
    bit 77 	fifom_fifo_reg[9][4]  <wclk (rise)>  
    bit 78 	fifom_fifo_reg[9][5]  <wclk (rise)>  
    bit 79 	fifom_fifo_reg[9][6]  <wclk (rise)>  
    bit 80 	fifom_fifo_reg[9][7]  <wclk (rise)>  
    bit 81 	fifom_fifo_reg[10][0]  <wclk (rise)>  
    bit 82 	fifom_fifo_reg[10][1]  <wclk (rise)>  
    bit 83 	fifom_fifo_reg[10][2]  <wclk (rise)>  
    bit 84 	fifom_fifo_reg[10][3]  <wclk (rise)>  
    bit 85 	fifom_fifo_reg[10][4]  <wclk (rise)>  
    bit 86 	fifom_fifo_reg[10][5]  <wclk (rise)>  
    bit 87 	fifom_fifo_reg[10][6]  <wclk (rise)>  
    bit 88 	fifom_fifo_reg[10][7]  <wclk (rise)>  
    bit 89 	fifom_fifo_reg[11][0]  <wclk (rise)>  
    bit 90 	fifom_fifo_reg[11][1]  <wclk (rise)>  
    bit 91 	fifom_fifo_reg[11][2]  <wclk (rise)>  
    bit 92 	fifom_fifo_reg[11][3]  <wclk (rise)>  
    bit 93 	fifom_fifo_reg[11][4]  <wclk (rise)>  
    bit 94 	fifom_fifo_reg[11][5]  <wclk (rise)>  
    bit 95 	fifom_fifo_reg[11][6]  <wclk (rise)>  
    bit 96 	fifom_fifo_reg[11][7]  <wclk (rise)>  
    bit 97 	fifom_fifo_reg[12][0]  <wclk (rise)>  
    bit 98 	fifom_fifo_reg[12][1]  <wclk (rise)>  
    bit 99 	fifom_fifo_reg[12][2]  <wclk (rise)>  
    bit 100 	fifom_fifo_reg[12][3]  <wclk (rise)>  
    bit 101 	fifom_fifo_reg[12][4]  <wclk (rise)>  
    bit 102 	fifom_fifo_reg[12][5]  <wclk (rise)>  
    bit 103 	fifom_fifo_reg[12][6]  <wclk (rise)>  
    bit 104 	fifom_fifo_reg[12][7]  <wclk (rise)>  
    bit 105 	fifom_fifo_reg[13][0]  <wclk (rise)>  
    bit 106 	fifom_fifo_reg[13][1]  <wclk (rise)>  
    bit 107 	fifom_fifo_reg[13][2]  <wclk (rise)>  
    bit 108 	fifom_fifo_reg[13][3]  <wclk (rise)>  
    bit 109 	fifom_fifo_reg[13][4]  <wclk (rise)>  
    bit 110 	fifom_fifo_reg[13][5]  <wclk (rise)>  
    bit 111 	fifom_fifo_reg[13][6]  <wclk (rise)>  
    bit 112 	fifom_fifo_reg[13][7]  <wclk (rise)>  
    bit 113 	fifom_fifo_reg[14][0]  <wclk (rise)>  
    bit 114 	fifom_fifo_reg[14][1]  <wclk (rise)>  
    bit 115 	fifom_fifo_reg[14][2]  <wclk (rise)>  
    bit 116 	fifom_fifo_reg[14][3]  <wclk (rise)>  
    bit 117 	fifom_fifo_reg[14][4]  <wclk (rise)>  
    bit 118 	fifom_fifo_reg[14][5]  <wclk (rise)>  
    bit 119 	fifom_fifo_reg[14][6]  <wclk (rise)>  
    bit 120 	fifom_fifo_reg[14][7]  <wclk (rise)>  
    bit 121 	fifom_fifo_reg[15][0]  <wclk (rise)>  
    bit 122 	fifom_fifo_reg[15][1]  <wclk (rise)>  
    bit 123 	fifom_fifo_reg[15][2]  <wclk (rise)>  
    bit 124 	fifom_fifo_reg[15][3]  <wclk (rise)>  
    bit 125 	fifom_fifo_reg[15][4]  <wclk (rise)>  
    bit 126 	fifom_fifo_reg[15][5]  <wclk (rise)>  
    bit 127 	fifom_fifo_reg[15][6]  <wclk (rise)>  
    bit 128 	fifom_fifo_reg[15][7]  <wclk (rise)>  
    bit 129 	fifom_fifo_reg[16][0]  <wclk (rise)>  
    bit 130 	fifom_fifo_reg[16][1]  <wclk (rise)>  
    bit 131 	fifom_fifo_reg[16][2]  <wclk (rise)>  
    bit 132 	fifom_fifo_reg[16][3]  <wclk (rise)>  
    bit 133 	fifom_fifo_reg[16][4]  <wclk (rise)>  
    bit 134 	fifom_fifo_reg[16][5]  <wclk (rise)>  
    bit 135 	fifom_fifo_reg[16][6]  <wclk (rise)>  
    bit 136 	fifom_fifo_reg[16][7]  <wclk (rise)>  
    bit 137 	fifom_fifo_reg[17][0]  <wclk (rise)>  
    bit 138 	fifom_fifo_reg[17][1]  <wclk (rise)>  
    bit 139 	fifom_fifo_reg[17][2]  <wclk (rise)>  
    bit 140 	fifom_fifo_reg[17][3]  <wclk (rise)>  
    bit 141 	fifom_fifo_reg[17][4]  <wclk (rise)>  
    bit 142 	fifom_fifo_reg[17][5]  <wclk (rise)>  
    bit 143 	fifom_fifo_reg[17][6]  <wclk (rise)>  
    bit 144 	fifom_fifo_reg[17][7]  <wclk (rise)>  
    bit 145 	fifom_fifo_reg[18][0]  <wclk (rise)>  
    bit 146 	fifom_fifo_reg[18][1]  <wclk (rise)>  
    bit 147 	fifom_fifo_reg[18][2]  <wclk (rise)>  
    bit 148 	fifom_fifo_reg[18][3]  <wclk (rise)>  
    bit 149 	fifom_fifo_reg[18][4]  <wclk (rise)>  
    bit 150 	fifom_fifo_reg[18][5]  <wclk (rise)>  
    bit 151 	fifom_fifo_reg[18][6]  <wclk (rise)>  
    bit 152 	fifom_fifo_reg[18][7]  <wclk (rise)>  
    bit 153 	fifom_fifo_reg[19][0]  <wclk (rise)>  
    bit 154 	fifom_fifo_reg[19][1]  <wclk (rise)>  
    bit 155 	fifom_fifo_reg[19][2]  <wclk (rise)>  
    bit 156 	fifom_fifo_reg[19][3]  <wclk (rise)>  
    bit 157 	fifom_fifo_reg[19][4]  <wclk (rise)>  
    bit 158 	fifom_fifo_reg[19][5]  <wclk (rise)>  
    bit 159 	fifom_fifo_reg[19][6]  <wclk (rise)>  
    bit 160 	fifom_fifo_reg[19][7]  <wclk (rise)>  
    bit 161 	fifom_fifo_reg[20][0]  <wclk (rise)>  
    bit 162 	fifom_fifo_reg[20][1]  <wclk (rise)>  
    bit 163 	fifom_fifo_reg[20][2]  <wclk (rise)>  
    bit 164 	fifom_fifo_reg[20][3]  <wclk (rise)>  
    bit 165 	fifom_fifo_reg[20][4]  <wclk (rise)>  
    bit 166 	fifom_fifo_reg[20][5]  <wclk (rise)>  
    bit 167 	fifom_fifo_reg[20][6]  <wclk (rise)>  
    bit 168 	fifom_fifo_reg[20][7]  <wclk (rise)>  
    bit 169 	fifom_fifo_reg[21][0]  <wclk (rise)>  
    bit 170 	fifom_fifo_reg[21][1]  <wclk (rise)>  
    bit 171 	fifom_fifo_reg[21][2]  <wclk (rise)>  
    bit 172 	fifom_fifo_reg[21][3]  <wclk (rise)>  
    bit 173 	fifom_fifo_reg[21][4]  <wclk (rise)>  
    bit 174 	fifom_fifo_reg[21][5]  <wclk (rise)>  
    bit 175 	fifom_fifo_reg[21][6]  <wclk (rise)>  
    bit 176 	fifom_fifo_reg[21][7]  <wclk (rise)>  
    bit 177 	fifom_fifo_reg[22][0]  <wclk (rise)>  
    bit 178 	fifom_fifo_reg[22][1]  <wclk (rise)>  
    bit 179 	fifom_fifo_reg[22][2]  <wclk (rise)>  
    bit 180 	fifom_fifo_reg[22][3]  <wclk (rise)>  
    bit 181 	fifom_fifo_reg[22][4]  <wclk (rise)>  
    bit 182 	fifom_fifo_reg[22][5]  <wclk (rise)>  
    bit 183 	fifom_fifo_reg[22][6]  <wclk (rise)>  
    bit 184 	fifom_fifo_reg[22][7]  <wclk (rise)>  
    bit 185 	fifom_fifo_reg[23][0]  <wclk (rise)>  
    bit 186 	fifom_fifo_reg[23][1]  <wclk (rise)>  
    bit 187 	fifom_fifo_reg[23][2]  <wclk (rise)>  
    bit 188 	fifom_fifo_reg[23][3]  <wclk (rise)>  
    bit 189 	fifom_fifo_reg[23][4]  <wclk (rise)>  
    bit 190 	fifom_fifo_reg[23][5]  <wclk (rise)>  
    bit 191 	fifom_fifo_reg[23][6]  <wclk (rise)>  
    bit 192 	fifom_fifo_reg[23][7]  <wclk (rise)>  
    bit 193 	fifom_fifo_reg[24][0]  <wclk (rise)>  
    bit 194 	fifom_fifo_reg[24][1]  <wclk (rise)>  
    bit 195 	fifom_fifo_reg[24][2]  <wclk (rise)>  
    bit 196 	fifom_fifo_reg[24][3]  <wclk (rise)>  
    bit 197 	fifom_fifo_reg[24][4]  <wclk (rise)>  
    bit 198 	fifom_fifo_reg[24][5]  <wclk (rise)>  
    bit 199 	fifom_fifo_reg[24][6]  <wclk (rise)>  
    bit 200 	fifom_fifo_reg[24][7]  <wclk (rise)>  
    bit 201 	fifom_fifo_reg[25][0]  <wclk (rise)>  
    bit 202 	fifom_fifo_reg[25][1]  <wclk (rise)>  
    bit 203 	fifom_fifo_reg[25][2]  <wclk (rise)>  
    bit 204 	fifom_fifo_reg[25][3]  <wclk (rise)>  
    bit 205 	fifom_fifo_reg[25][4]  <wclk (rise)>  
    bit 206 	fifom_fifo_reg[25][5]  <wclk (rise)>  
    bit 207 	fifom_fifo_reg[25][6]  <wclk (rise)>  
    bit 208 	fifom_fifo_reg[25][7]  <wclk (rise)>  
    bit 209 	fifom_fifo_reg[26][0]  <wclk (rise)>  
    bit 210 	fifom_fifo_reg[26][1]  <wclk (rise)>  
    bit 211 	fifom_fifo_reg[26][2]  <wclk (rise)>  
    bit 212 	fifom_fifo_reg[26][3]  <wclk (rise)>  
    bit 213 	fifom_fifo_reg[26][4]  <wclk (rise)>  
    bit 214 	fifom_fifo_reg[26][5]  <wclk (rise)>  
    bit 215 	fifom_fifo_reg[26][6]  <wclk (rise)>  
    bit 216 	fifom_fifo_reg[26][7]  <wclk (rise)>  
    bit 217 	fifom_fifo_reg[27][0]  <wclk (rise)>  
    bit 218 	fifom_fifo_reg[27][1]  <wclk (rise)>  
    bit 219 	fifom_fifo_reg[27][2]  <wclk (rise)>  
    bit 220 	fifom_fifo_reg[27][3]  <wclk (rise)>  
    bit 221 	fifom_fifo_reg[27][4]  <wclk (rise)>  
    bit 222 	fifom_fifo_reg[27][5]  <wclk (rise)>  
    bit 223 	fifom_fifo_reg[27][6]  <wclk (rise)>  
    bit 224 	fifom_fifo_reg[27][7]  <wclk (rise)>  
    bit 225 	fifom_fifo_reg[28][0]  <wclk (rise)>  
    bit 226 	fifom_fifo_reg[28][1]  <wclk (rise)>  
    bit 227 	fifom_fifo_reg[28][2]  <wclk (rise)>  
    bit 228 	fifom_fifo_reg[28][3]  <wclk (rise)>  
    bit 229 	fifom_fifo_reg[28][4]  <wclk (rise)>  
    bit 230 	fifom_fifo_reg[28][5]  <wclk (rise)>  
    bit 231 	fifom_fifo_reg[28][6]  <wclk (rise)>  
    bit 232 	fifom_fifo_reg[28][7]  <wclk (rise)>  
    bit 233 	fifom_fifo_reg[29][0]  <wclk (rise)>  
    bit 234 	fifom_fifo_reg[29][1]  <wclk (rise)>  
    bit 235 	fifom_fifo_reg[29][2]  <wclk (rise)>  
    bit 236 	fifom_fifo_reg[29][3]  <wclk (rise)>  
    bit 237 	fifom_fifo_reg[29][4]  <wclk (rise)>  
    bit 238 	fifom_fifo_reg[29][5]  <wclk (rise)>  
    bit 239 	fifom_fifo_reg[29][6]  <wclk (rise)>  
    bit 240 	fifom_fifo_reg[29][7]  <wclk (rise)>  
    bit 241 	fifom_fifo_reg[30][0]  <wclk (rise)>  
    bit 242 	fifom_fifo_reg[30][1]  <wclk (rise)>  
    bit 243 	fifom_fifo_reg[30][2]  <wclk (rise)>  
    bit 244 	fifom_fifo_reg[30][3]  <wclk (rise)>  
    bit 245 	fifom_fifo_reg[30][4]  <wclk (rise)>  
    bit 246 	fifom_fifo_reg[30][5]  <wclk (rise)>  
    bit 247 	fifom_fifo_reg[30][6]  <wclk (rise)>  
    bit 248 	fifom_fifo_reg[30][7]  <wclk (rise)>  
    bit 249 	fifom_fifo_reg[31][0]  <wclk (rise)>  
    bit 250 	fifom_fifo_reg[31][1]  <wclk (rise)>  
    bit 251 	fifom_fifo_reg[31][2]  <wclk (rise)>  
    bit 252 	fifom_fifo_reg[31][3]  <wclk (rise)>  
    bit 253 	fifom_fifo_reg[31][4]  <wclk (rise)>  
    bit 254 	fifom_fifo_reg[31][5]  <wclk (rise)>  
    bit 255 	fifom_fifo_reg[31][6]  <wclk (rise)>  
    bit 256 	fifom_fifo_reg[31][7]  <wclk (rise)>  
    bit 257 	fifom_fifo_reg[32][0]  <wclk (rise)>  
    bit 258 	fifom_fifo_reg[32][1]  <wclk (rise)>  
    bit 259 	fifom_fifo_reg[32][2]  <wclk (rise)>  
    bit 260 	fifom_fifo_reg[32][3]  <wclk (rise)>  
    bit 261 	fifom_fifo_reg[32][4]  <wclk (rise)>  
    bit 262 	fifom_fifo_reg[32][5]  <wclk (rise)>  
    bit 263 	fifom_fifo_reg[32][6]  <wclk (rise)>  
    bit 264 	fifom_fifo_reg[32][7]  <wclk (rise)>  
    bit 265 	fifom_fifo_reg[33][0]  <wclk (rise)>  
    bit 266 	fifom_fifo_reg[33][1]  <wclk (rise)>  
    bit 267 	fifom_fifo_reg[33][2]  <wclk (rise)>  
    bit 268 	fifom_fifo_reg[33][3]  <wclk (rise)>  
    bit 269 	fifom_fifo_reg[33][4]  <wclk (rise)>  
    bit 270 	fifom_fifo_reg[33][5]  <wclk (rise)>  
    bit 271 	fifom_fifo_reg[33][6]  <wclk (rise)>  
    bit 272 	fifom_fifo_reg[33][7]  <wclk (rise)>  
    bit 273 	fifom_fifo_reg[34][0]  <wclk (rise)>  
    bit 274 	fifom_fifo_reg[34][1]  <wclk (rise)>  
    bit 275 	fifom_fifo_reg[34][2]  <wclk (rise)>  
    bit 276 	fifom_fifo_reg[34][3]  <wclk (rise)>  
    bit 277 	fifom_fifo_reg[34][4]  <wclk (rise)>  
    bit 278 	fifom_fifo_reg[34][5]  <wclk (rise)>  
    bit 279 	fifom_fifo_reg[34][6]  <wclk (rise)>  
    bit 280 	fifom_fifo_reg[34][7]  <wclk (rise)>  
    bit 281 	fifom_fifo_reg[35][0]  <wclk (rise)>  
    bit 282 	fifom_fifo_reg[35][1]  <wclk (rise)>  
    bit 283 	fifom_fifo_reg[35][2]  <wclk (rise)>  
    bit 284 	fifom_fifo_reg[35][3]  <wclk (rise)>  
    bit 285 	fifom_fifo_reg[35][4]  <wclk (rise)>  
    bit 286 	fifom_fifo_reg[35][5]  <wclk (rise)>  
    bit 287 	fifom_fifo_reg[35][6]  <wclk (rise)>  
    bit 288 	fifom_fifo_reg[35][7]  <wclk (rise)>  
    bit 289 	fifom_fifo_reg[36][0]  <wclk (rise)>  
    bit 290 	fifom_fifo_reg[36][1]  <wclk (rise)>  
    bit 291 	fifom_fifo_reg[36][2]  <wclk (rise)>  
    bit 292 	fifom_fifo_reg[36][3]  <wclk (rise)>  
    bit 293 	fifom_fifo_reg[36][4]  <wclk (rise)>  
    bit 294 	fifom_fifo_reg[36][5]  <wclk (rise)>  
    bit 295 	fifom_fifo_reg[36][6]  <wclk (rise)>  
    bit 296 	fifom_fifo_reg[36][7]  <wclk (rise)>  
    bit 297 	fifom_fifo_reg[37][0]  <wclk (rise)>  
    bit 298 	fifom_fifo_reg[37][1]  <wclk (rise)>  
    bit 299 	fifom_fifo_reg[37][2]  <wclk (rise)>  
    bit 300 	fifom_fifo_reg[37][3]  <wclk (rise)>  
    bit 301 	fifom_fifo_reg[37][4]  <wclk (rise)>  
    bit 302 	fifom_fifo_reg[37][5]  <wclk (rise)>  
    bit 303 	fifom_fifo_reg[37][6]  <wclk (rise)>  
    bit 304 	fifom_fifo_reg[37][7]  <wclk (rise)>  
    bit 305 	fifom_fifo_reg[38][0]  <wclk (rise)>  
    bit 306 	fifom_fifo_reg[38][1]  <wclk (rise)>  
    bit 307 	fifom_fifo_reg[38][2]  <wclk (rise)>  
    bit 308 	fifom_fifo_reg[38][3]  <wclk (rise)>  
    bit 309 	fifom_fifo_reg[38][4]  <wclk (rise)>  
    bit 310 	fifom_fifo_reg[38][5]  <wclk (rise)>  
    bit 311 	fifom_fifo_reg[38][6]  <wclk (rise)>  
    bit 312 	fifom_fifo_reg[38][7]  <wclk (rise)>  
    bit 313 	fifom_fifo_reg[39][0]  <wclk (rise)>  
    bit 314 	fifom_fifo_reg[39][1]  <wclk (rise)>  
    bit 315 	fifom_fifo_reg[39][2]  <wclk (rise)>  
    bit 316 	fifom_fifo_reg[39][3]  <wclk (rise)>  
    bit 317 	fifom_fifo_reg[39][4]  <wclk (rise)>  
    bit 318 	fifom_fifo_reg[39][5]  <wclk (rise)>  
    bit 319 	fifom_fifo_reg[39][6]  <wclk (rise)>  
    bit 320 	fifom_fifo_reg[39][7]  <wclk (rise)>  
    bit 321 	fifom_fifo_reg[40][0]  <wclk (rise)>  
    bit 322 	fifom_fifo_reg[40][1]  <wclk (rise)>  
    bit 323 	fifom_fifo_reg[40][2]  <wclk (rise)>  
    bit 324 	fifom_fifo_reg[40][3]  <wclk (rise)>  
    bit 325 	fifom_fifo_reg[40][4]  <wclk (rise)>  
    bit 326 	fifom_fifo_reg[40][5]  <wclk (rise)>  
    bit 327 	fifom_fifo_reg[40][6]  <wclk (rise)>  
    bit 328 	fifom_fifo_reg[40][7]  <wclk (rise)>  
    bit 329 	fifom_fifo_reg[41][0]  <wclk (rise)>  
    bit 330 	fifom_fifo_reg[41][1]  <wclk (rise)>  
    bit 331 	fifom_fifo_reg[41][2]  <wclk (rise)>  
    bit 332 	fifom_fifo_reg[41][3]  <wclk (rise)>  
    bit 333 	fifom_fifo_reg[41][4]  <wclk (rise)>  
    bit 334 	fifom_fifo_reg[41][5]  <wclk (rise)>  
    bit 335 	fifom_fifo_reg[41][6]  <wclk (rise)>  
    bit 336 	fifom_fifo_reg[41][7]  <wclk (rise)>  
    bit 337 	fifom_fifo_reg[42][0]  <wclk (rise)>  
    bit 338 	fifom_fifo_reg[42][1]  <wclk (rise)>  
    bit 339 	fifom_fifo_reg[42][2]  <wclk (rise)>  
    bit 340 	fifom_fifo_reg[42][3]  <wclk (rise)>  
    bit 341 	fifom_fifo_reg[42][4]  <wclk (rise)>  
    bit 342 	fifom_fifo_reg[42][5]  <wclk (rise)>  
    bit 343 	fifom_fifo_reg[42][6]  <wclk (rise)>  
    bit 344 	fifom_fifo_reg[42][7]  <wclk (rise)>  
    bit 345 	fifom_fifo_reg[43][0]  <wclk (rise)>  
    bit 346 	fifom_fifo_reg[43][1]  <wclk (rise)>  
    bit 347 	fifom_fifo_reg[43][2]  <wclk (rise)>  
    bit 348 	fifom_fifo_reg[43][3]  <wclk (rise)>  
    bit 349 	fifom_fifo_reg[43][4]  <wclk (rise)>  
    bit 350 	fifom_fifo_reg[43][5]  <wclk (rise)>  
    bit 351 	fifom_fifo_reg[43][6]  <wclk (rise)>  
    bit 352 	fifom_fifo_reg[43][7]  <wclk (rise)>  
    bit 353 	fifom_fifo_reg[44][0]  <wclk (rise)>  
    bit 354 	fifom_fifo_reg[44][1]  <wclk (rise)>  
    bit 355 	fifom_fifo_reg[44][2]  <wclk (rise)>  
    bit 356 	fifom_fifo_reg[44][3]  <wclk (rise)>  
    bit 357 	fifom_fifo_reg[44][4]  <wclk (rise)>  
    bit 358 	fifom_fifo_reg[44][5]  <wclk (rise)>  
    bit 359 	fifom_fifo_reg[44][6]  <wclk (rise)>  
    bit 360 	fifom_fifo_reg[44][7]  <wclk (rise)>  
    bit 361 	fifom_fifo_reg[45][0]  <wclk (rise)>  
    bit 362 	fifom_fifo_reg[45][1]  <wclk (rise)>  
    bit 363 	fifom_fifo_reg[45][2]  <wclk (rise)>  
    bit 364 	fifom_fifo_reg[45][3]  <wclk (rise)>  
    bit 365 	fifom_fifo_reg[45][4]  <wclk (rise)>  
    bit 366 	fifom_fifo_reg[45][5]  <wclk (rise)>  
    bit 367 	fifom_fifo_reg[45][6]  <wclk (rise)>  
    bit 368 	fifom_fifo_reg[45][7]  <wclk (rise)>  
    bit 369 	fifom_fifo_reg[46][0]  <wclk (rise)>  
    bit 370 	fifom_fifo_reg[46][1]  <wclk (rise)>  
    bit 371 	fifom_fifo_reg[46][2]  <wclk (rise)>  
    bit 372 	fifom_fifo_reg[46][3]  <wclk (rise)>  
    bit 373 	fifom_fifo_reg[46][4]  <wclk (rise)>  
    bit 374 	fifom_fifo_reg[46][5]  <wclk (rise)>  
    bit 375 	fifom_fifo_reg[46][6]  <wclk (rise)>  
    bit 376 	fifom_fifo_reg[46][7]  <wclk (rise)>  
    bit 377 	fifom_fifo_reg[47][0]  <wclk (rise)>  
    bit 378 	fifom_fifo_reg[47][1]  <wclk (rise)>  
    bit 379 	fifom_fifo_reg[47][2]  <wclk (rise)>  
    bit 380 	fifom_fifo_reg[47][3]  <wclk (rise)>  
    bit 381 	fifom_fifo_reg[47][4]  <wclk (rise)>  
    bit 382 	fifom_fifo_reg[47][5]  <wclk (rise)>  
    bit 383 	fifom_fifo_reg[47][6]  <wclk (rise)>  
    bit 384 	fifom_fifo_reg[47][7]  <wclk (rise)>  
    bit 385 	fifom_fifo_reg[48][0]  <wclk (rise)>  
    bit 386 	fifom_fifo_reg[48][1]  <wclk (rise)>  
    bit 387 	fifom_fifo_reg[48][2]  <wclk (rise)>  
    bit 388 	fifom_fifo_reg[48][3]  <wclk (rise)>  
    bit 389 	fifom_fifo_reg[48][4]  <wclk (rise)>  
    bit 390 	fifom_fifo_reg[48][5]  <wclk (rise)>  
    bit 391 	fifom_fifo_reg[48][6]  <wclk (rise)>  
    bit 392 	fifom_fifo_reg[48][7]  <wclk (rise)>  
    bit 393 	fifom_fifo_reg[49][0]  <wclk (rise)>  
    bit 394 	fifom_fifo_reg[49][1]  <wclk (rise)>  
    bit 395 	fifom_fifo_reg[49][2]  <wclk (rise)>  
    bit 396 	fifom_fifo_reg[49][3]  <wclk (rise)>  
    bit 397 	fifom_fifo_reg[49][4]  <wclk (rise)>  
    bit 398 	fifom_fifo_reg[49][5]  <wclk (rise)>  
    bit 399 	fifom_fifo_reg[49][6]  <wclk (rise)>  
    bit 400 	fifom_fifo_reg[49][7]  <wclk (rise)>  
    bit 401 	fifom_fifo_reg[50][0]  <wclk (rise)>  
    bit 402 	fifom_fifo_reg[50][1]  <wclk (rise)>  
    bit 403 	fifom_fifo_reg[50][2]  <wclk (rise)>  
    bit 404 	fifom_fifo_reg[50][3]  <wclk (rise)>  
    bit 405 	fifom_fifo_reg[50][4]  <wclk (rise)>  
    bit 406 	fifom_fifo_reg[50][5]  <wclk (rise)>  
    bit 407 	fifom_fifo_reg[50][6]  <wclk (rise)>  
    bit 408 	fifom_fifo_reg[50][7]  <wclk (rise)>  
    bit 409 	fifom_fifo_reg[51][0]  <wclk (rise)>  
    bit 410 	fifom_fifo_reg[51][1]  <wclk (rise)>  
    bit 411 	fifom_fifo_reg[51][2]  <wclk (rise)>  
    bit 412 	fifom_fifo_reg[51][3]  <wclk (rise)>  
    bit 413 	fifom_fifo_reg[51][4]  <wclk (rise)>  
    bit 414 	fifom_fifo_reg[51][5]  <wclk (rise)>  
    bit 415 	fifom_fifo_reg[51][6]  <wclk (rise)>  
    bit 416 	fifom_fifo_reg[51][7]  <wclk (rise)>  
    bit 417 	fifom_fifo_reg[52][0]  <wclk (rise)>  
    bit 418 	fifom_fifo_reg[52][1]  <wclk (rise)>  
    bit 419 	fifom_fifo_reg[52][2]  <wclk (rise)>  
    bit 420 	fifom_fifo_reg[52][3]  <wclk (rise)>  
    bit 421 	fifom_fifo_reg[52][4]  <wclk (rise)>  
    bit 422 	fifom_fifo_reg[52][5]  <wclk (rise)>  
    bit 423 	fifom_fifo_reg[52][6]  <wclk (rise)>  
    bit 424 	fifom_fifo_reg[52][7]  <wclk (rise)>  
    bit 425 	fifom_fifo_reg[53][0]  <wclk (rise)>  
    bit 426 	fifom_fifo_reg[53][1]  <wclk (rise)>  
    bit 427 	fifom_fifo_reg[53][2]  <wclk (rise)>  
    bit 428 	fifom_fifo_reg[53][3]  <wclk (rise)>  
    bit 429 	fifom_fifo_reg[53][4]  <wclk (rise)>  
    bit 430 	fifom_fifo_reg[53][5]  <wclk (rise)>  
    bit 431 	fifom_fifo_reg[53][6]  <wclk (rise)>  
    bit 432 	fifom_fifo_reg[53][7]  <wclk (rise)>  
    bit 433 	fifom_fifo_reg[54][0]  <wclk (rise)>  
    bit 434 	fifom_fifo_reg[54][1]  <wclk (rise)>  
    bit 435 	fifom_fifo_reg[54][2]  <wclk (rise)>  
    bit 436 	fifom_fifo_reg[54][3]  <wclk (rise)>  
    bit 437 	fifom_fifo_reg[54][4]  <wclk (rise)>  
    bit 438 	fifom_fifo_reg[54][5]  <wclk (rise)>  
    bit 439 	fifom_fifo_reg[54][6]  <wclk (rise)>  
    bit 440 	fifom_fifo_reg[54][7]  <wclk (rise)>  
    bit 441 	fifom_fifo_reg[55][0]  <wclk (rise)>  
    bit 442 	fifom_fifo_reg[55][1]  <wclk (rise)>  
    bit 443 	fifom_fifo_reg[55][2]  <wclk (rise)>  
    bit 444 	fifom_fifo_reg[55][3]  <wclk (rise)>  
    bit 445 	fifom_fifo_reg[55][4]  <wclk (rise)>  
    bit 446 	fifom_fifo_reg[55][5]  <wclk (rise)>  
    bit 447 	fifom_fifo_reg[55][6]  <wclk (rise)>  
    bit 448 	fifom_fifo_reg[55][7]  <wclk (rise)>  
    bit 449 	fifom_fifo_reg[56][0]  <wclk (rise)>  
    bit 450 	fifom_fifo_reg[56][1]  <wclk (rise)>  
    bit 451 	fifom_fifo_reg[56][2]  <wclk (rise)>  
    bit 452 	fifom_fifo_reg[56][3]  <wclk (rise)>  
    bit 453 	fifom_fifo_reg[56][4]  <wclk (rise)>  
    bit 454 	fifom_fifo_reg[56][5]  <wclk (rise)>  
    bit 455 	fifom_fifo_reg[56][6]  <wclk (rise)>  
    bit 456 	fifom_fifo_reg[56][7]  <wclk (rise)>  
    bit 457 	fifom_fifo_reg[57][0]  <wclk (rise)>  
    bit 458 	fifom_fifo_reg[57][1]  <wclk (rise)>  
    bit 459 	fifom_fifo_reg[57][2]  <wclk (rise)>  
    bit 460 	fifom_fifo_reg[57][3]  <wclk (rise)>  
    bit 461 	fifom_fifo_reg[57][4]  <wclk (rise)>  
    bit 462 	fifom_fifo_reg[57][5]  <wclk (rise)>  
    bit 463 	fifom_fifo_reg[57][6]  <wclk (rise)>  
    bit 464 	fifom_fifo_reg[57][7]  <wclk (rise)>  
    bit 465 	fifom_fifo_reg[58][0]  <wclk (rise)>  
    bit 466 	fifom_fifo_reg[58][1]  <wclk (rise)>  
    bit 467 	fifom_fifo_reg[58][2]  <wclk (rise)>  
    bit 468 	fifom_fifo_reg[58][3]  <wclk (rise)>  
    bit 469 	fifom_fifo_reg[58][4]  <wclk (rise)>  
    bit 470 	fifom_fifo_reg[58][5]  <wclk (rise)>  
    bit 471 	fifom_fifo_reg[58][6]  <wclk (rise)>  
    bit 472 	fifom_fifo_reg[58][7]  <wclk (rise)>  
    bit 473 	fifom_fifo_reg[59][0]  <wclk (rise)>  
    bit 474 	fifom_fifo_reg[59][1]  <wclk (rise)>  
    bit 475 	fifom_fifo_reg[59][2]  <wclk (rise)>  
    bit 476 	fifom_fifo_reg[59][3]  <wclk (rise)>  
    bit 477 	fifom_fifo_reg[59][4]  <wclk (rise)>  
    bit 478 	fifom_fifo_reg[59][5]  <wclk (rise)>  
    bit 479 	fifom_fifo_reg[59][6]  <wclk (rise)>  
    bit 480 	fifom_fifo_reg[59][7]  <wclk (rise)>  
    bit 481 	fifom_fifo_reg[60][0]  <wclk (rise)>  
    bit 482 	fifom_fifo_reg[60][1]  <wclk (rise)>  
    bit 483 	fifom_fifo_reg[60][2]  <wclk (rise)>  
    bit 484 	fifom_fifo_reg[60][3]  <wclk (rise)>  
    bit 485 	fifom_fifo_reg[60][4]  <wclk (rise)>  
    bit 486 	fifom_fifo_reg[60][5]  <wclk (rise)>  
    bit 487 	fifom_fifo_reg[60][6]  <wclk (rise)>  
    bit 488 	fifom_fifo_reg[60][7]  <wclk (rise)>  
    bit 489 	fifom_fifo_reg[61][0]  <wclk (rise)>  
    bit 490 	fifom_fifo_reg[61][1]  <wclk (rise)>  
    bit 491 	fifom_fifo_reg[61][2]  <wclk (rise)>  
    bit 492 	fifom_fifo_reg[61][3]  <wclk (rise)>  
    bit 493 	fifom_fifo_reg[61][4]  <wclk (rise)>  
    bit 494 	fifom_fifo_reg[61][5]  <wclk (rise)>  
    bit 495 	fifom_fifo_reg[61][6]  <wclk (rise)>  
    bit 496 	fifom_fifo_reg[61][7]  <wclk (rise)>  
    bit 497 	fifom_fifo_reg[62][0]  <wclk (rise)>  
    bit 498 	fifom_fifo_reg[62][1]  <wclk (rise)>  
    bit 499 	fifom_fifo_reg[62][2]  <wclk (rise)>  
    bit 500 	fifom_fifo_reg[62][3]  <wclk (rise)>  
    bit 501 	fifom_fifo_reg[62][4]  <wclk (rise)>  
    bit 502 	fifom_fifo_reg[62][5]  <wclk (rise)>  
    bit 503 	fifom_fifo_reg[62][6]  <wclk (rise)>  
    bit 504 	fifom_fifo_reg[62][7]  <wclk (rise)>  
    bit 505 	fifom_fifo_reg[63][0]  <wclk (rise)>  
    bit 506 	fifom_fifo_reg[63][1]  <wclk (rise)>  
    bit 507 	fifom_fifo_reg[63][2]  <wclk (rise)>  
    bit 508 	fifom_fifo_reg[63][3]  <wclk (rise)>  
    bit 509 	fifom_fifo_reg[63][4]  <wclk (rise)>  
    bit 510 	fifom_fifo_reg[63][5]  <wclk (rise)>  
    bit 511 	fifom_fifo_reg[63][6]  <wclk (rise)>  
    bit 512 	fifom_fifo_reg[63][7]  <wclk (rise)>  
    bit 513 	sync_rptr_dout_reg[0]  <wclk (rise)>  
    bit 514 	sync_rptr_dout_reg[1]  <wclk (rise)>  
    bit 515 	sync_rptr_dout_reg[2]  <wclk (rise)>  
    bit 516 	sync_rptr_dout_reg[3]  <wclk (rise)>  
    bit 517 	sync_rptr_dout_reg[4]  <wclk (rise)>  
    bit 518 	sync_rptr_dout_reg[5]  <wclk (rise)>  
    bit 519 	sync_rptr_dout_reg[6]  <wclk (rise)>  
    bit 520 	wptr_h_b_wptr_reg[0]  <wclk (rise)>  
    bit 521 	wptr_h_b_wptr_reg[1]  <wclk (rise)>  
    bit 522 	wptr_h_b_wptr_reg[2]  <wclk (rise)>  
    bit 523 	wptr_h_b_wptr_reg[3]  <wclk (rise)>  
    bit 524 	wptr_h_b_wptr_reg[4]  <wclk (rise)>  
    bit 525 	wptr_h_b_wptr_reg[5]  <wclk (rise)>  
    bit 526 	wptr_h_b_wptr_reg[6]  <wclk (rise)>  
    bit 527 	wptr_h_full_reg  <wclk (rise)>  
    bit 528 	wptr_h_g_wptr_reg[0]  <wclk (rise)>  
    bit 529 	wptr_h_g_wptr_reg[1]  <wclk (rise)>  
    bit 530 	wptr_h_g_wptr_reg[2]  <wclk (rise)>  
    bit 531 	wptr_h_g_wptr_reg[3]  <wclk (rise)>  
    bit 532 	wptr_h_g_wptr_reg[4]  <wclk (rise)>  
    bit 533 	wptr_h_g_wptr_reg[5]  <wclk (rise)>  
------------------------
Chain 2: fifo_scan_chain 
  scan_in:      scan_in 
  scan_out:     scan_out   
  shift_enable: scan_en (active high) 
  clock_domain: rclk (edge: rise)
  length: 29
    bit 1 	fifom_dout_reg[0]  <rclk (rise)>  
    bit 2 	fifom_dout_reg[1]  <rclk (rise)>  
    bit 3 	fifom_dout_reg[2]  <rclk (rise)>  
    bit 4 	fifom_dout_reg[3]  <rclk (rise)>  
    bit 5 	fifom_dout_reg[4]  <rclk (rise)>  
    bit 6 	fifom_dout_reg[5]  <rclk (rise)>  
    bit 7 	fifom_dout_reg[6]  <rclk (rise)>  
    bit 8 	fifom_dout_reg[7]  <rclk (rise)>  
    bit 9 	rptr_h_b_rptr_reg[0]  <rclk (rise)>  
    bit 10 	rptr_h_b_rptr_reg[1]  <rclk (rise)>  
    bit 11 	rptr_h_b_rptr_reg[2]  <rclk (rise)>  
    bit 12 	rptr_h_b_rptr_reg[3]  <rclk (rise)>  
    bit 13 	rptr_h_b_rptr_reg[4]  <rclk (rise)>  
    bit 14 	rptr_h_b_rptr_reg[5]  <rclk (rise)>  
    bit 15 	rptr_h_b_rptr_reg[6]  <rclk (rise)>  
    bit 16 	rptr_h_empty_reg  <rclk (rise)>  
    bit 17 	rptr_h_g_rptr_reg[0]  <rclk (rise)>  
    bit 18 	rptr_h_g_rptr_reg[1]  <rclk (rise)>  
    bit 19 	rptr_h_g_rptr_reg[2]  <rclk (rise)>  
    bit 20 	rptr_h_g_rptr_reg[3]  <rclk (rise)>  
    bit 21 	rptr_h_g_rptr_reg[4]  <rclk (rise)>  
    bit 22 	rptr_h_g_rptr_reg[5]  <rclk (rise)>  
    bit 23 	sync_wptr_dout_reg[0]  <rclk (rise)>  
    bit 24 	sync_wptr_dout_reg[1]  <rclk (rise)>  
    bit 25 	sync_wptr_dout_reg[2]  <rclk (rise)>  
    bit 26 	sync_wptr_dout_reg[3]  <rclk (rise)>  
    bit 27 	sync_wptr_dout_reg[4]  <rclk (rise)>  
    bit 28 	sync_wptr_dout_reg[5]  <rclk (rise)>  
    bit 29 	sync_wptr_dout_reg[6]  <rclk (rise)>  
------------------------

